{
    "fastcov single input bam": {
        "content": [
            {
                "0": [
                    [
                        {
                            "id": "test"
                        },
                        "test.png:md5,d4fe558c167986a7e1423db6d48bbf04"
                    ]
                ],
                "1": [
                    "versions.yml:md5,1b47585c2aa870d7ffad63209dfe6d2b"
                ],
                "coverage_plot": [
                    [
                        {
                            "id": "test"
                        },
                        "test.png:md5,d4fe558c167986a7e1423db6d48bbf04"
                    ]
                ],
                "versions": [
                    "versions.yml:md5,1b47585c2aa870d7ffad63209dfe6d2b"
                ]
            }
        ],
        "meta": {
            "nf-test": "0.8.4",
            "nextflow": "23.10.1"
        },
        "timestamp": "2024-03-20T12:46:42.907171276"
    },
    "fastcov - stub": {
        "content": [
            {
                "0": [
                    [
                        {
                            "id": "test"
                        },
                        "test.png:md5,d41d8cd98f00b204e9800998ecf8427e"
                    ]
                ],
                "1": [
                    "versions.yml:md5,1b47585c2aa870d7ffad63209dfe6d2b"
                ],
                "coverage_plot": [
                    [
                        {
                            "id": "test"
                        },
                        "test.png:md5,d41d8cd98f00b204e9800998ecf8427e"
                    ]
                ],
                "versions": [
                    "versions.yml:md5,1b47585c2aa870d7ffad63209dfe6d2b"
                ]
            }
        ],
        "meta": {
            "nf-test": "0.8.4",
            "nextflow": "23.10.1"
        },
        "timestamp": "2024-03-20T12:04:31.687126039"
    }
}